// Vitest Snapshot v1, https://vitest.dev/guide/snapshot.html

exports[`handles 'errorIsFailure' error 1`] = `[TypeError: "errorIsFailure" must be a function (received number)]`;

exports[`handles 'errorThreshold' error 1`] = `[TypeError: "errorThreshold" must be between 0 and 1 (received -1)]`;

exports[`handles 'errorWindow' error 1`] = `[TypeError: "errorWindow" must be milliseconds of at least 1 second (received -1)]`;

exports[`handles 'minimumCandidates' error 1`] = `[TypeError: "minimumCandidates" must be greater than 0 (received 0)]`;

exports[`handles 'onClose' error 1`] = `[TypeError: "onClose" must be a function (received number)]`;

exports[`handles 'onHalfOpen' error 1`] = `[TypeError: "onHalfOpen" must be a function (received number)]`;

exports[`handles 'onOpen' error 1`] = `[TypeError: "onOpen" must be a function (received number)]`;

exports[`handles 'resetAfter' error 1`] = `[TypeError: "resetAfter" must be milliseconds of at least 1 second (received -1)]`;

exports[`handles resetAfter < errorWindow 1`] = `[TypeError: "resetAfter" must be greater than or equal to "errorWindow" (received 1000, expected >= 2000)]`;

exports[`sets defaults 1`] = `
{
  "errorIsFailure": () => false,
  "errorThreshold": 0,
  "errorWindow": 10000,
  "minimumCandidates": 1,
  "onClose": undefined,
  "onHalfOpen": undefined,
  "onOpen": undefined,
  "resetAfter": 30000,
}
`;
